2026-06-02 00:04:40.454 [SpringApplicationShutdownHook] INFO  o.s.o.j.LocalContainerEntityManagerFactoryBean - Closing JPA EntityManagerFactory for persistence unit 'default'
2026-06-02 00:04:40.562 [SpringApplicationShutdownHook] INFO  com.zaxxer.hikari.HikariDataSource - HikariPool-1 - Shutdown initiated...
2026-06-02 00:04:40.629 [SpringApplicationShutdownHook] INFO  com.zaxxer.hikari.HikariDataSource - HikariPool-1 - Shutdown completed.
2026-06-02 00:05:01.702 [restartedMain] INFO  c.c.C.CineBookApplication - Starting CineBookApplication using Java 21.0.1 with PID 11392 (C:\Users\Ajit\CineBook\CineBook\target\classes started by Ajit in C:\Users\Ajit\CineBook\CineBook)
2026-06-02 00:05:01.704 [restartedMain] DEBUG c.c.C.CineBookApplication - Running with Spring Boot v3.2.5, Spring v6.1.6
2026-06-02 00:05:01.706 [restartedMain] INFO  c.c.C.CineBookApplication - No active profile set, falling back to 1 default profile: "default"
2026-06-02 00:05:01.795 [restartedMain] INFO  o.s.b.d.e.DevToolsPropertyDefaultsPostProcessor - Devtools property defaults active! Set 'spring.devtools.add-properties' to 'false' to disable
2026-06-02 00:05:01.795 [restartedMain] INFO  o.s.b.d.e.DevToolsPropertyDefaultsPostProcessor - For additional web related logging consider setting the 'logging.level.web' property to 'DEBUG'
2026-06-02 00:05:02.670 [restartedMain] INFO  o.s.d.r.c.RepositoryConfigurationDelegate - Bootstrapping Spring Data JPA repositories in DEFAULT mode.
2026-06-02 00:05:02.793 [restartedMain] INFO  o.s.d.r.c.RepositoryConfigurationDelegate - Finished Spring Data repository scanning in 110 ms. Found 17 JPA repository interfaces.
2026-06-02 00:05:03.932 [restartedMain] INFO  o.s.b.w.e.tomcat.TomcatWebServer - Tomcat initialized with port 9099 (http)
2026-06-02 00:05:03.950 [restartedMain] INFO  o.a.catalina.core.StandardService - Starting service [Tomcat]
2026-06-02 00:05:03.951 [restartedMain] INFO  o.a.catalina.core.StandardEngine - Starting Servlet engine: [Apache Tomcat/10.1.20]
2026-06-02 00:05:04.031 [restartedMain] INFO  o.a.c.c.C.[Tomcat].[localhost].[/] - Initializing Spring embedded WebApplicationContext
2026-06-02 00:05:04.032 [restartedMain] INFO  o.s.b.w.s.c.ServletWebServerApplicationContext - Root WebApplicationContext: initialization completed in 2236 ms
2026-06-02 00:05:04.747 [restartedMain] INFO  o.s.o.j.p.SpringPersistenceUnitInfo - No LoadTimeWeaver setup: ignoring JPA class transformer
2026-06-02 00:05:04.796 [restartedMain] INFO  com.zaxxer.hikari.HikariDataSource - HikariPool-1 - Starting...
2026-06-02 00:05:05.088 [restartedMain] INFO  com.zaxxer.hikari.pool.HikariPool - HikariPool-1 - Added connection com.mysql.cj.jdbc.ConnectionImpl@72ab638c
2026-06-02 00:05:05.090 [restartedMain] INFO  com.zaxxer.hikari.HikariDataSource - HikariPool-1 - Start completed.
2026-06-02 00:05:07.181 [restartedMain] INFO  o.s.o.j.LocalContainerEntityManagerFactoryBean - Initialized JPA EntityManagerFactory for persistence unit 'default'
2026-06-02 00:05:07.656 [restartedMain] DEBUG c.c.security.JwtAuthenticationFilter - Filter 'jwtAuthenticationFilter' configured for use
2026-06-02 00:05:07.656 [restartedMain] DEBUG c.c.security.RequestLoggingFilter - Filter 'requestLoggingFilter' configured for use
2026-06-02 00:05:08.828 [restartedMain] INFO  c.c.security.config.SecurityConfig - [SecurityConfig] Initializing security filter chain
2026-06-02 00:05:08.830 [restartedMain] DEBUG c.c.security.config.SecurityConfig - [SecurityConfig] CSRF protection disabled
2026-06-02 00:05:08.832 [restartedMain] DEBUG c.c.security.config.SecurityConfig - [SecurityConfig] Session policy set to STATELESS
2026-06-02 00:05:08.859 [restartedMain] INFO  c.c.security.config.SecurityConfig - [SecurityConfig] Security filter chain configured successfully
2026-06-02 00:05:08.892 [restartedMain] INFO  o.s.s.web.DefaultSecurityFilterChain - Will secure any request with [org.springframework.security.web.session.DisableEncodeUrlFilter@fc8729d, org.springframework.security.web.context.request.async.WebAsyncManagerIntegrationFilter@4c36d3c3, org.springframework.security.web.context.SecurityContextHolderFilter@437f43dc, org.springframework.security.web.header.HeaderWriterFilter@7a29c77a, org.springframework.web.filter.CorsFilter@1ee19ed7, org.springframework.security.web.authentication.logout.LogoutFilter@10f771c6, com.cinebook.security.RequestLoggingFilter@546f41c5, com.cinebook.security.JwtAuthenticationFilter@70de0f89, org.springframework.security.web.savedrequest.RequestCacheAwareFilter@7c2a49, org.springframework.security.web.servletapi.SecurityContextHolderAwareRequestFilter@4c9acccb, org.springframework.security.web.authentication.AnonymousAuthenticationFilter@b0fb6bf, org.springframework.security.web.session.SessionManagementFilter@516565ab, org.springframework.security.web.access.ExceptionTranslationFilter@3b4e9a78, org.springframework.security.web.access.intercept.AuthorizationFilter@61544d3a]
2026-06-02 00:05:09.390 [restartedMain] INFO  o.s.b.d.a.OptionalLiveReloadServer - LiveReload server is running on port 35729
2026-06-02 00:05:09.453 [restartedMain] INFO  o.s.b.w.e.tomcat.TomcatWebServer - Tomcat started on port 9099 (http) with context path ''
2026-06-02 00:05:09.469 [restartedMain] INFO  c.c.C.CineBookApplication - Started CineBookApplication in 8.378 seconds (process running for 9.06)
2026-06-02 00:05:09.728 [restartedMain] DEBUG org.hibernate.SQL - 
    select
        r1_0.id,
        r1_0.name 
    from
        roles r1_0 
    where
        r1_0.name=?
2026-06-02 00:05:09.757 [restartedMain] DEBUG org.hibernate.SQL - 
    select
        r1_0.id,
        r1_0.name 
    from
        roles r1_0 
    where
        r1_0.name=?
2026-06-02 00:05:09.764 [restartedMain] DEBUG org.hibernate.SQL - 
    select
        u1_0.id 
    from
        users u1_0 
    where
        u1_0.email=? 
    limit
        ?
2026-06-02 00:05:32.044 [http-nio-9099-exec-1] INFO  o.a.c.c.C.[Tomcat].[localhost].[/] - Initializing Spring DispatcherServlet 'dispatcherServlet'
2026-06-02 00:05:32.044 [http-nio-9099-exec-1] INFO  o.s.web.servlet.DispatcherServlet - Initializing Servlet 'dispatcherServlet'
2026-06-02 00:05:32.054 [http-nio-9099-exec-1] INFO  o.s.web.servlet.DispatcherServlet - Completed initialization in 5 ms
2026-06-02 00:05:32.099 [http-nio-9099-exec-1] DEBUG o.s.security.web.FilterChainProxy - Securing GET /swagger-ui/index.html
2026-06-02 00:05:32.116 [http-nio-9099-exec-1] INFO  c.c.security.RequestLoggingFilter - [REQUEST] GET /swagger-ui/index.html from 0:0:0:0:0:0:0:1 Headers: 
2026-06-02 00:05:32.120 [http-nio-9099-exec-1] DEBUG c.c.security.RequestLoggingFilter - [REQUEST] Authorization: NONE
2026-06-02 00:05:32.123 [http-nio-9099-exec-1] DEBUG c.c.security.RequestLoggingFilter - [REQUEST] Header - host: localhost:9099
2026-06-02 00:05:32.125 [http-nio-9099-exec-1] DEBUG c.c.security.RequestLoggingFilter - [REQUEST] Header - connection: keep-alive
2026-06-02 00:05:32.125 [http-nio-9099-exec-1] DEBUG c.c.security.RequestLoggingFilter - [REQUEST] Header - cache-control: max-age=0
2026-06-02 00:05:32.125 [http-nio-9099-exec-1] DEBUG c.c.security.RequestLoggingFilter - [REQUEST] Header - sec-ch-ua: "Chromium";v="148", "Google Chrome";v="148", "Not/A)Brand";v="99"
2026-06-02 00:05:32.125 [http-nio-9099-exec-1] DEBUG c.c.security.RequestLoggingFilter - [REQUEST] Header - sec-ch-ua-mobile: ?0
2026-06-02 00:05:32.125 [http-nio-9099-exec-1] DEBUG c.c.security.RequestLoggingFilter - [REQUEST] Header - sec-ch-ua-platform: "Windows"
2026-06-02 00:05:32.125 [http-nio-9099-exec-1] DEBUG c.c.security.RequestLoggingFilter - [REQUEST] Header - upgrade-insecure-requests: 1
2026-06-02 00:05:32.125 [http-nio-9099-exec-1] DEBUG c.c.security.RequestLoggingFilter - [REQUEST] Header - user-agent: Mozilla/5.0 (Windows NT 10.0; Win64; x64) AppleWebKit/537.36 (KHTML, like Gecko) Chrome/148.0.0.0 Safari/537.36
2026-06-02 00:05:32.125 [http-nio-9099-exec-1] DEBUG c.c.security.RequestLoggingFilter - [REQUEST] Header - accept: text/html,application/xhtml+xml,application/xml;q=0.9,image/avif,image/webp,image/apng,*/*;q=0.8,application/signed-exchange;v=b3;q=0.7
2026-06-02 00:05:32.125 [http-nio-9099-exec-1] DEBUG c.c.security.RequestLoggingFilter - [REQUEST] Header - sec-fetch-site: same-origin
2026-06-02 00:05:32.125 [http-nio-9099-exec-1] DEBUG c.c.security.RequestLoggingFilter - [REQUEST] Header - sec-fetch-mode: navigate
2026-06-02 00:05:32.125 [http-nio-9099-exec-1] DEBUG c.c.security.RequestLoggingFilter - [REQUEST] Header - sec-fetch-user: ?1
2026-06-02 00:05:32.125 [http-nio-9099-exec-1] DEBUG c.c.security.RequestLoggingFilter - [REQUEST] Header - sec-fetch-dest: document
2026-06-02 00:05:32.125 [http-nio-9099-exec-1] DEBUG c.c.security.RequestLoggingFilter - [REQUEST] Header - accept-encoding: gzip, deflate, br, zstd
2026-06-02 00:05:32.125 [http-nio-9099-exec-1] DEBUG c.c.security.RequestLoggingFilter - [REQUEST] Header - accept-language: en-US,en;q=0.9,hi;q=0.8
2026-06-02 00:05:32.125 [http-nio-9099-exec-1] DEBUG c.c.security.JwtAuthenticationFilter - [JWT Filter] Processing GET request to: /swagger-ui/index.html
2026-06-02 00:05:32.125 [http-nio-9099-exec-1] DEBUG c.c.security.JwtAuthenticationFilter - [JWT Filter] No Bearer token found for path: /swagger-ui/index.html
2026-06-02 00:05:32.131 [http-nio-9099-exec-1] DEBUG o.s.s.w.a.AnonymousAuthenticationFilter - Set SecurityContextHolder to anonymous SecurityContext
2026-06-02 00:05:32.131 [http-nio-9099-exec-1] DEBUG o.s.security.web.FilterChainProxy - Secured GET /swagger-ui/index.html
2026-06-02 00:05:32.222 [http-nio-9099-exec-1] INFO  c.c.security.RequestLoggingFilter - [RESPONSE] GET /swagger-ui/index.html - Status: 200 (97ms)
2026-06-02 00:05:32.383 [http-nio-9099-exec-3] DEBUG o.s.security.web.FilterChainProxy - Securing GET /swagger-ui/index.css
2026-06-02 00:05:32.385 [http-nio-9099-exec-3] INFO  c.c.security.RequestLoggingFilter - [REQUEST] GET /swagger-ui/index.css from 0:0:0:0:0:0:0:1 Headers: 
2026-06-02 00:05:32.385 [http-nio-9099-exec-4] DEBUG o.s.security.web.FilterChainProxy - Securing GET /swagger-ui/swagger-ui.css
2026-06-02 00:05:32.385 [http-nio-9099-exec-2] DEBUG o.s.security.web.FilterChainProxy - Securing GET /swagger-ui/swagger-ui-bundle.js
2026-06-02 00:05:32.386 [http-nio-9099-exec-4] INFO  c.c.security.RequestLoggingFilter - [REQUEST] GET /swagger-ui/swagger-ui.css from 0:0:0:0:0:0:0:1 Headers: 
2026-06-02 00:05:32.385 [http-nio-9099-exec-3] DEBUG c.c.security.RequestLoggingFilter - [REQUEST] Authorization: NONE
2026-06-02 00:05:32.387 [http-nio-9099-exec-5] DEBUG o.s.security.web.FilterChainProxy - Securing GET /swagger-ui/swagger-ui-standalone-preset.js
2026-06-02 00:05:32.388 [http-nio-9099-exec-3] DEBUG c.c.security.RequestLoggingFilter - [REQUEST] Header - host: localhost:9099
2026-06-02 00:05:32.387 [http-nio-9099-exec-2] INFO  c.c.security.RequestLoggingFilter - [REQUEST] GET /swagger-ui/swagger-ui-bundle.js from 0:0:0:0:0:0:0:1 Headers: 
2026-06-02 00:05:32.388 [http-nio-9099-exec-3] DEBUG c.c.security.RequestLoggingFilter - [REQUEST] Header - connection: keep-alive
2026-06-02 00:05:32.388 [http-nio-9099-exec-5] INFO  c.c.security.RequestLoggingFilter - [REQUEST] GET /swagger-ui/swagger-ui-standalone-preset.js from 0:0:0:0:0:0:0:1 Headers: 
2026-06-02 00:05:32.388 [http-nio-9099-exec-3] DEBUG c.c.security.RequestLoggingFilter - [REQUEST] Header - sec-ch-ua-platform: "Windows"
2026-06-02 00:05:32.388 [http-nio-9099-exec-4] DEBUG c.c.security.RequestLoggingFilter - [REQUEST] Authorization: NONE
2026-06-02 00:05:32.388 [http-nio-9099-exec-6] DEBUG o.s.security.web.FilterChainProxy - Securing GET /swagger-ui/swagger-initializer.js
2026-06-02 00:05:32.388 [http-nio-9099-exec-2] DEBUG c.c.security.RequestLoggingFilter - [REQUEST] Authorization: NONE
2026-06-02 00:05:32.390 [http-nio-9099-exec-4] DEBUG c.c.security.RequestLoggingFilter - [REQUEST] Header - host: localhost:9099
2026-06-02 00:05:32.388 [http-nio-9099-exec-5] DEBUG c.c.security.RequestLoggingFilter - [REQUEST] Authorization: NONE
2026-06-02 00:05:32.390 [http-nio-9099-exec-4] DEBUG c.c.security.RequestLoggingFilter - [REQUEST] Header - connection: keep-alive
2026-06-02 00:05:32.388 [http-nio-9099-exec-3] DEBUG c.c.security.RequestLoggingFilter - [REQUEST] Header - user-agent: Mozilla/5.0 (Windows NT 10.0; Win64; x64) AppleWebKit/537.36 (KHTML, like Gecko) Chrome/148.0.0.0 Safari/537.36
2026-06-02 00:05:32.390 [http-nio-9099-exec-2] DEBUG c.c.security.RequestLoggingFilter - [REQUEST] Header - host: localhost:9099
2026-06-02 00:05:32.390 [http-nio-9099-exec-6] INFO  c.c.security.RequestLoggingFilter - [REQUEST] GET /swagger-ui/swagger-initializer.js from 0:0:0:0:0:0:0:1 Headers: 
2026-06-02 00:05:32.390 [http-nio-9099-exec-5] DEBUG c.c.security.RequestLoggingFilter - [REQUEST] Header - host: localhost:9099
2026-06-02 00:05:32.391 [http-nio-9099-exec-6] DEBUG c.c.security.RequestLoggingFilter - [REQUEST] Authorization: NONE
2026-06-02 00:05:32.391 [http-nio-9099-exec-5] DEBUG c.c.security.RequestLoggingFilter - [REQUEST] Header - connection: keep-alive
2026-06-02 00:05:32.392 [http-nio-9099-exec-6] DEBUG c.c.security.RequestLoggingFilter - [REQUEST] Header - host: localhost:9099
2026-06-02 00:05:32.392 [http-nio-9099-exec-5] DEBUG c.c.security.RequestLoggingFilter - [REQUEST] Header - sec-ch-ua-platform: "Windows"
2026-06-02 00:05:32.391 [http-nio-9099-exec-3] DEBUG c.c.security.RequestLoggingFilter - [REQUEST] Header - sec-ch-ua: "Chromium";v="148", "Google Chrome";v="148", "Not/A)Brand";v="99"
2026-06-02 00:05:32.391 [http-nio-9099-exec-2] DEBUG c.c.security.RequestLoggingFilter - [REQUEST] Header - connection: keep-alive
2026-06-02 00:05:32.390 [http-nio-9099-exec-4] DEBUG c.c.security.RequestLoggingFilter - [REQUEST] Header - sec-ch-ua-platform: "Windows"
2026-06-02 00:05:32.392 [http-nio-9099-exec-6] DEBUG c.c.security.RequestLoggingFilter - [REQUEST] Header - connection: keep-alive
2026-06-02 00:05:32.392 [http-nio-9099-exec-3] DEBUG c.c.security.RequestLoggingFilter - [REQUEST] Header - sec-ch-ua-mobile: ?0
2026-06-02 00:05:32.392 [http-nio-9099-exec-2] DEBUG c.c.security.RequestLoggingFilter - [REQUEST] Header - sec-ch-ua-platform: "Windows"
2026-06-02 00:05:32.392 [http-nio-9099-exec-5] DEBUG c.c.security.RequestLoggingFilter - [REQUEST] Header - user-agent: Mozilla/5.0 (Windows NT 10.0; Win64; x64) AppleWebKit/537.36 (KHTML, like Gecko) Chrome/148.0.0.0 Safari/537.36
2026-06-02 00:05:32.392 [http-nio-9099-exec-4] DEBUG c.c.security.RequestLoggingFilter - [REQUEST] Header - user-agent: Mozilla/5.0 (Windows NT 10.0; Win64; x64) AppleWebKit/537.36 (KHTML, like Gecko) Chrome/148.0.0.0 Safari/537.36
2026-06-02 00:05:32.392 [http-nio-9099-exec-5] DEBUG c.c.security.RequestLoggingFilter - [REQUEST] Header - sec-ch-ua: "Chromium";v="148", "Google Chrome";v="148", "Not/A)Brand";v="99"
2026-06-02 00:05:32.392 [http-nio-9099-exec-3] DEBUG c.c.security.RequestLoggingFilter - [REQUEST] Header - accept: text/css,*/*;q=0.1
2026-06-02 00:05:32.392 [http-nio-9099-exec-6] DEBUG c.c.security.RequestLoggingFilter - [REQUEST] Header - sec-ch-ua-platform: "Windows"
2026-06-02 00:05:32.392 [http-nio-9099-exec-3] DEBUG c.c.security.RequestLoggingFilter - [REQUEST] Header - sec-fetch-site: same-origin
2026-06-02 00:05:32.392 [http-nio-9099-exec-2] DEBUG c.c.security.RequestLoggingFilter - [REQUEST] Header - user-agent: Mozilla/5.0 (Windows NT 10.0; Win64; x64) AppleWebKit/537.36 (KHTML, like Gecko) Chrome/148.0.0.0 Safari/537.36
2026-06-02 00:05:32.392 [http-nio-9099-exec-4] DEBUG c.c.security.RequestLoggingFilter - [REQUEST] Header - sec-ch-ua: "Chromium";v="148", "Google Chrome";v="148", "Not/A)Brand";v="99"
2026-06-02 00:05:32.392 [http-nio-9099-exec-5] DEBUG c.c.security.RequestLoggingFilter - [REQUEST] Header - sec-ch-ua-mobile: ?0
2026-06-02 00:05:32.394 [http-nio-9099-exec-6] DEBUG c.c.security.RequestLoggingFilter - [REQUEST] Header - user-agent: Mozilla/5.0 (Windows NT 10.0; Win64; x64) AppleWebKit/537.36 (KHTML, like Gecko) Chrome/148.0.0.0 Safari/537.36
2026-06-02 00:05:32.394 [http-nio-9099-exec-5] DEBUG c.c.security.RequestLoggingFilter - [REQUEST] Header - accept: */*
2026-06-02 00:05:32.394 [http-nio-9099-exec-3] DEBUG c.c.security.RequestLoggingFilter - [REQUEST] Header - sec-fetch-mode: no-cors
2026-06-02 00:05:32.394 [http-nio-9099-exec-2] DEBUG c.c.security.RequestLoggingFilter - [REQUEST] Header - sec-ch-ua: "Chromium";v="148", "Google Chrome";v="148", "Not/A)Brand";v="99"
2026-06-02 00:05:32.394 [http-nio-9099-exec-4] DEBUG c.c.security.RequestLoggingFilter - [REQUEST] Header - sec-ch-ua-mobile: ?0
2026-06-02 00:05:32.395 [http-nio-9099-exec-5] DEBUG c.c.security.RequestLoggingFilter - [REQUEST] Header - sec-fetch-site: same-origin
2026-06-02 00:05:32.395 [http-nio-9099-exec-6] DEBUG c.c.security.RequestLoggingFilter - [REQUEST] Header - sec-ch-ua: "Chromium";v="148", "Google Chrome";v="148", "Not/A)Brand";v="99"
2026-06-02 00:05:32.395 [http-nio-9099-exec-6] DEBUG c.c.security.RequestLoggingFilter - [REQUEST] Header - sec-ch-ua-mobile: ?0
2026-06-02 00:05:32.395 [http-nio-9099-exec-3] DEBUG c.c.security.RequestLoggingFilter - [REQUEST] Header - sec-fetch-dest: style
2026-06-02 00:05:32.395 [http-nio-9099-exec-2] DEBUG c.c.security.RequestLoggingFilter - [REQUEST] Header - sec-ch-ua-mobile: ?0
2026-06-02 00:05:32.396 [http-nio-9099-exec-3] DEBUG c.c.security.RequestLoggingFilter - [REQUEST] Header - referer: http://localhost:9099/swagger-ui/index.html
2026-06-02 00:05:32.396 [http-nio-9099-exec-2] DEBUG c.c.security.RequestLoggingFilter - [REQUEST] Header - accept: */*
2026-06-02 00:05:32.395 [http-nio-9099-exec-4] DEBUG c.c.security.RequestLoggingFilter - [REQUEST] Header - accept: text/css,*/*;q=0.1
2026-06-02 00:05:32.396 [http-nio-9099-exec-3] DEBUG c.c.security.RequestLoggingFilter - [REQUEST] Header - accept-encoding: gzip, deflate, br, zstd
2026-06-02 00:05:32.395 [http-nio-9099-exec-5] DEBUG c.c.security.RequestLoggingFilter - [REQUEST] Header - sec-fetch-mode: no-cors
2026-06-02 00:05:32.395 [http-nio-9099-exec-6] DEBUG c.c.security.RequestLoggingFilter - [REQUEST] Header - accept: */*
2026-06-02 00:05:32.396 [http-nio-9099-exec-3] DEBUG c.c.security.RequestLoggingFilter - [REQUEST] Header - accept-language: en-US,en;q=0.9,hi;q=0.8
2026-06-02 00:05:32.396 [http-nio-9099-exec-2] DEBUG c.c.security.RequestLoggingFilter - [REQUEST] Header - sec-fetch-site: same-origin
2026-06-02 00:05:32.396 [http-nio-9099-exec-4] DEBUG c.c.security.RequestLoggingFilter - [REQUEST] Header - sec-fetch-site: same-origin
2026-06-02 00:05:32.396 [http-nio-9099-exec-5] DEBUG c.c.security.RequestLoggingFilter - [REQUEST] Header - sec-fetch-dest: script
2026-06-02 00:05:32.396 [http-nio-9099-exec-6] DEBUG c.c.security.RequestLoggingFilter - [REQUEST] Header - sec-fetch-site: same-origin
2026-06-02 00:05:32.396 [http-nio-9099-exec-3] DEBUG c.c.security.JwtAuthenticationFilter - [JWT Filter] Processing GET request to: /swagger-ui/index.css
2026-06-02 00:05:32.396 [http-nio-9099-exec-2] DEBUG c.c.security.RequestLoggingFilter - [REQUEST] Header - sec-fetch-mode: no-cors
2026-06-02 00:05:32.398 [http-nio-9099-exec-4] DEBUG c.c.security.RequestLoggingFilter - [REQUEST] Header - sec-fetch-mode: no-cors
2026-06-02 00:05:32.398 [http-nio-9099-exec-2] DEBUG c.c.security.RequestLoggingFilter - [REQUEST] Header - sec-fetch-dest: script
2026-06-02 00:05:32.398 [http-nio-9099-exec-5] DEBUG c.c.security.RequestLoggingFilter - [REQUEST] Header - referer: http://localhost:9099/swagger-ui/index.html
2026-06-02 00:05:32.398 [http-nio-9099-exec-2] DEBUG c.c.security.RequestLoggingFilter - [REQUEST] Header - referer: http://localhost:9099/swagger-ui/index.html
2026-06-02 00:05:32.398 [http-nio-9099-exec-3] DEBUG c.c.security.JwtAuthenticationFilter - [JWT Filter] No Bearer token found for path: /swagger-ui/index.css
2026-06-02 00:05:32.398 [http-nio-9099-exec-6] DEBUG c.c.security.RequestLoggingFilter - [REQUEST] Header - sec-fetch-mode: no-cors
2026-06-02 00:05:32.400 [http-nio-9099-exec-2] DEBUG c.c.security.RequestLoggingFilter - [REQUEST] Header - accept-encoding: gzip, deflate, br, zstd
2026-06-02 00:05:32.398 [http-nio-9099-exec-4] DEBUG c.c.security.RequestLoggingFilter - [REQUEST] Header - sec-fetch-dest: style
2026-06-02 00:05:32.400 [http-nio-9099-exec-2] DEBUG c.c.security.RequestLoggingFilter - [REQUEST] Header - accept-language: en-US,en;q=0.9,hi;q=0.8
2026-06-02 00:05:32.400 [http-nio-9099-exec-5] DEBUG c.c.security.RequestLoggingFilter - [REQUEST] Header - accept-encoding: gzip, deflate, br, zstd
2026-06-02 00:05:32.400 [http-nio-9099-exec-6] DEBUG c.c.security.RequestLoggingFilter - [REQUEST] Header - sec-fetch-dest: script
2026-06-02 00:05:32.400 [http-nio-9099-exec-3] DEBUG o.s.s.w.a.AnonymousAuthenticationFilter - Set SecurityContextHolder to anonymous SecurityContext
2026-06-02 00:05:32.400 [http-nio-9099-exec-4] DEBUG c.c.security.RequestLoggingFilter - [REQUEST] Header - referer: http://localhost:9099/swagger-ui/index.html
2026-06-02 00:05:32.400 [http-nio-9099-exec-2] DEBUG c.c.security.JwtAuthenticationFilter - [JWT Filter] Processing GET request to: /swagger-ui/swagger-ui-bundle.js
2026-06-02 00:05:32.400 [http-nio-9099-exec-4] DEBUG c.c.security.RequestLoggingFilter - [REQUEST] Header - accept-encoding: gzip, deflate, br, zstd
2026-06-02 00:05:32.400 [http-nio-9099-exec-5] DEBUG c.c.security.RequestLoggingFilter - [REQUEST] Header - accept-language: en-US,en;q=0.9,hi;q=0.8
2026-06-02 00:05:32.400 [http-nio-9099-exec-6] DEBUG c.c.security.RequestLoggingFilter - [REQUEST] Header - referer: http://localhost:9099/swagger-ui/index.html
2026-06-02 00:05:32.400 [http-nio-9099-exec-2] DEBUG c.c.security.JwtAuthenticationFilter - [JWT Filter] No Bearer token found for path: /swagger-ui/swagger-ui-bundle.js
2026-06-02 00:05:32.400 [http-nio-9099-exec-3] DEBUG o.s.security.web.FilterChainProxy - Secured GET /swagger-ui/index.css
2026-06-02 00:05:32.400 [http-nio-9099-exec-5] DEBUG c.c.security.JwtAuthenticationFilter - [JWT Filter] Processing GET request to: /swagger-ui/swagger-ui-standalone-preset.js
2026-06-02 00:05:32.400 [http-nio-9099-exec-4] DEBUG c.c.security.RequestLoggingFilter - [REQUEST] Header - accept-language: en-US,en;q=0.9,hi;q=0.8
2026-06-02 00:05:32.402 [http-nio-9099-exec-2] DEBUG o.s.s.w.a.AnonymousAuthenticationFilter - Set SecurityContextHolder to anonymous SecurityContext
2026-06-02 00:05:32.400 [http-nio-9099-exec-6] DEBUG c.c.security.RequestLoggingFilter - [REQUEST] Header - accept-encoding: gzip, deflate, br, zstd
2026-06-02 00:05:32.402 [http-nio-9099-exec-4] DEBUG c.c.security.JwtAuthenticationFilter - [JWT Filter] Processing GET request to: /swagger-ui/swagger-ui.css
2026-06-02 00:05:32.402 [http-nio-9099-exec-5] DEBUG c.c.security.JwtAuthenticationFilter - [JWT Filter] No Bearer token found for path: /swagger-ui/swagger-ui-standalone-preset.js
2026-06-02 00:05:32.402 [http-nio-9099-exec-6] DEBUG c.c.security.RequestLoggingFilter - [REQUEST] Header - accept-language: en-US,en;q=0.9,hi;q=0.8
2026-06-02 00:05:32.402 [http-nio-9099-exec-2] DEBUG o.s.security.web.FilterChainProxy - Secured GET /swagger-ui/swagger-ui-bundle.js
2026-06-02 00:05:32.402 [http-nio-9099-exec-4] DEBUG c.c.security.JwtAuthenticationFilter - [JWT Filter] No Bearer token found for path: /swagger-ui/swagger-ui.css
2026-06-02 00:05:32.402 [http-nio-9099-exec-5] DEBUG o.s.s.w.a.AnonymousAuthenticationFilter - Set SecurityContextHolder to anonymous SecurityContext
2026-06-02 00:05:32.402 [http-nio-9099-exec-6] DEBUG c.c.security.JwtAuthenticationFilter - [JWT Filter] Processing GET request to: /swagger-ui/swagger-initializer.js
2026-06-02 00:05:32.402 [http-nio-9099-exec-4] DEBUG o.s.s.w.a.AnonymousAuthenticationFilter - Set SecurityContextHolder to anonymous SecurityContext
2026-06-02 00:05:32.404 [http-nio-9099-exec-6] DEBUG c.c.security.JwtAuthenticationFilter - [JWT Filter] No Bearer token found for path: /swagger-ui/swagger-initializer.js
2026-06-02 00:05:32.404 [http-nio-9099-exec-6] DEBUG o.s.s.w.a.AnonymousAuthenticationFilter - Set SecurityContextHolder to anonymous SecurityContext
2026-06-02 00:05:32.404 [http-nio-9099-exec-4] DEBUG o.s.security.web.FilterChainProxy - Secured GET /swagger-ui/swagger-ui.css
2026-06-02 00:05:32.404 [http-nio-9099-exec-5] DEBUG o.s.security.web.FilterChainProxy - Secured GET /swagger-ui/swagger-ui-standalone-preset.js
2026-06-02 00:05:32.404 [http-nio-9099-exec-6] DEBUG o.s.security.web.FilterChainProxy - Secured GET /swagger-ui/swagger-initializer.js
2026-06-02 00:05:32.408 [http-nio-9099-exec-3] INFO  c.c.security.RequestLoggingFilter - [RESPONSE] GET /swagger-ui/index.css - Status: 200 (12ms)
2026-06-02 00:05:32.436 [http-nio-9099-exec-5] INFO  c.c.security.RequestLoggingFilter - [RESPONSE] GET /swagger-ui/swagger-ui-standalone-preset.js - Status: 200 (36ms)
2026-06-02 00:05:32.451 [http-nio-9099-exec-4] INFO  c.c.security.RequestLoggingFilter - [RESPONSE] GET /swagger-ui/swagger-ui.css - Status: 200 (49ms)
2026-06-02 00:05:32.484 [http-nio-9099-exec-2] INFO  c.c.security.RequestLoggingFilter - [RESPONSE] GET /swagger-ui/swagger-ui-bundle.js - Status: 200 (84ms)
2026-06-02 00:05:32.523 [http-nio-9099-exec-6] INFO  c.c.security.RequestLoggingFilter - [RESPONSE] GET /swagger-ui/swagger-initializer.js - Status: 200 (121ms)
2026-06-02 00:05:32.720 [http-nio-9099-exec-7] DEBUG o.s.security.web.FilterChainProxy - Securing GET /v3/api-docs/swagger-config
2026-06-02 00:05:32.720 [http-nio-9099-exec-7] INFO  c.c.security.RequestLoggingFilter - [REQUEST] GET /v3/api-docs/swagger-config from 0:0:0:0:0:0:0:1 Headers: 
2026-06-02 00:05:32.720 [http-nio-9099-exec-7] DEBUG c.c.security.RequestLoggingFilter - [REQUEST] Authorization: NONE
2026-06-02 00:05:32.720 [http-nio-9099-exec-7] DEBUG c.c.security.RequestLoggingFilter - [REQUEST] Header - host: localhost:9099
2026-06-02 00:05:32.720 [http-nio-9099-exec-7] DEBUG c.c.security.RequestLoggingFilter - [REQUEST] Header - connection: keep-alive
2026-06-02 00:05:32.720 [http-nio-9099-exec-7] DEBUG c.c.security.RequestLoggingFilter - [REQUEST] Header - sec-ch-ua-platform: "Windows"
2026-06-02 00:05:32.720 [http-nio-9099-exec-7] DEBUG c.c.security.RequestLoggingFilter - [REQUEST] Header - user-agent: Mozilla/5.0 (Windows NT 10.0; Win64; x64) AppleWebKit/537.36 (KHTML, like Gecko) Chrome/148.0.0.0 Safari/537.36
2026-06-02 00:05:32.720 [http-nio-9099-exec-7] DEBUG c.c.security.RequestLoggingFilter - [REQUEST] Header - sec-ch-ua: "Chromium";v="148", "Google Chrome";v="148", "Not/A)Brand";v="99"
2026-06-02 00:05:32.720 [http-nio-9099-exec-7] DEBUG c.c.security.RequestLoggingFilter - [REQUEST] Header - sec-ch-ua-mobile: ?0
2026-06-02 00:05:32.720 [http-nio-9099-exec-7] DEBUG c.c.security.RequestLoggingFilter - [REQUEST] Header - accept: */*
2026-06-02 00:05:32.720 [http-nio-9099-exec-7] DEBUG c.c.security.RequestLoggingFilter - [REQUEST] Header - sec-fetch-site: same-origin
2026-06-02 00:05:32.720 [http-nio-9099-exec-7] DEBUG c.c.security.RequestLoggingFilter - [REQUEST] Header - sec-fetch-mode: cors
2026-06-02 00:05:32.720 [http-nio-9099-exec-7] DEBUG c.c.security.RequestLoggingFilter - [REQUEST] Header - sec-fetch-dest: empty
2026-06-02 00:05:32.720 [http-nio-9099-exec-7] DEBUG c.c.security.RequestLoggingFilter - [REQUEST] Header - referer: http://localhost:9099/swagger-ui/index.html
2026-06-02 00:05:32.720 [http-nio-9099-exec-7] DEBUG c.c.security.RequestLoggingFilter - [REQUEST] Header - accept-encoding: gzip, deflate, br, zstd
2026-06-02 00:05:32.720 [http-nio-9099-exec-7] DEBUG c.c.security.RequestLoggingFilter - [REQUEST] Header - accept-language: en-US,en;q=0.9,hi;q=0.8
2026-06-02 00:05:32.720 [http-nio-9099-exec-7] DEBUG c.c.security.JwtAuthenticationFilter - [JWT Filter] Processing GET request to: /v3/api-docs/swagger-config
2026-06-02 00:05:32.720 [http-nio-9099-exec-7] DEBUG c.c.security.JwtAuthenticationFilter - [JWT Filter] No Bearer token found for path: /v3/api-docs/swagger-config
2026-06-02 00:05:32.720 [http-nio-9099-exec-7] DEBUG o.s.s.w.a.AnonymousAuthenticationFilter - Set SecurityContextHolder to anonymous SecurityContext
2026-06-02 00:05:32.727 [http-nio-9099-exec-7] DEBUG o.s.security.web.FilterChainProxy - Secured GET /v3/api-docs/swagger-config
2026-06-02 00:05:32.734 [http-nio-9099-exec-8] DEBUG o.s.security.web.FilterChainProxy - Securing GET /swagger-ui/favicon-32x32.png
2026-06-02 00:05:32.734 [http-nio-9099-exec-8] INFO  c.c.security.RequestLoggingFilter - [REQUEST] GET /swagger-ui/favicon-32x32.png from 0:0:0:0:0:0:0:1 Headers: 
2026-06-02 00:05:32.736 [http-nio-9099-exec-8] DEBUG c.c.security.RequestLoggingFilter - [REQUEST] Authorization: NONE
2026-06-02 00:05:32.737 [http-nio-9099-exec-8] DEBUG c.c.security.RequestLoggingFilter - [REQUEST] Header - host: localhost:9099
2026-06-02 00:05:32.737 [http-nio-9099-exec-8] DEBUG c.c.security.RequestLoggingFilter - [REQUEST] Header - connection: keep-alive
2026-06-02 00:05:32.739 [http-nio-9099-exec-8] DEBUG c.c.security.RequestLoggingFilter - [REQUEST] Header - sec-ch-ua-platform: "Windows"
2026-06-02 00:05:32.741 [http-nio-9099-exec-8] DEBUG c.c.security.RequestLoggingFilter - [REQUEST] Header - user-agent: Mozilla/5.0 (Windows NT 10.0; Win64; x64) AppleWebKit/537.36 (KHTML, like Gecko) Chrome/148.0.0.0 Safari/537.36
2026-06-02 00:05:32.742 [http-nio-9099-exec-8] DEBUG c.c.security.RequestLoggingFilter - [REQUEST] Header - sec-ch-ua: "Chromium";v="148", "Google Chrome";v="148", "Not/A)Brand";v="99"
2026-06-02 00:05:32.742 [http-nio-9099-exec-8] DEBUG c.c.security.RequestLoggingFilter - [REQUEST] Header - sec-ch-ua-mobile: ?0
2026-06-02 00:05:32.742 [http-nio-9099-exec-8] DEBUG c.c.security.RequestLoggingFilter - [REQUEST] Header - accept: image/avif,image/webp,image/apng,image/svg+xml,image/*,*/*;q=0.8
2026-06-02 00:05:32.742 [http-nio-9099-exec-8] DEBUG c.c.security.RequestLoggingFilter - [REQUEST] Header - sec-fetch-site: same-origin
2026-06-02 00:05:32.744 [http-nio-9099-exec-8] DEBUG c.c.security.RequestLoggingFilter - [REQUEST] Header - sec-fetch-mode: no-cors
2026-06-02 00:05:32.746 [http-nio-9099-exec-8] DEBUG c.c.security.RequestLoggingFilter - [REQUEST] Header - sec-fetch-dest: image
2026-06-02 00:05:32.748 [http-nio-9099-exec-8] DEBUG c.c.security.RequestLoggingFilter - [REQUEST] Header - referer: http://localhost:9099/swagger-ui/index.html
2026-06-02 00:05:32.748 [http-nio-9099-exec-8] DEBUG c.c.security.RequestLoggingFilter - [REQUEST] Header - accept-encoding: gzip, deflate, br, zstd
2026-06-02 00:05:32.748 [http-nio-9099-exec-8] DEBUG c.c.security.RequestLoggingFilter - [REQUEST] Header - accept-language: en-US,en;q=0.9,hi;q=0.8
2026-06-02 00:05:32.748 [http-nio-9099-exec-8] DEBUG c.c.security.JwtAuthenticationFilter - [JWT Filter] Processing GET request to: /swagger-ui/favicon-32x32.png
2026-06-02 00:05:32.750 [http-nio-9099-exec-8] DEBUG c.c.security.JwtAuthenticationFilter - [JWT Filter] No Bearer token found for path: /swagger-ui/favicon-32x32.png
2026-06-02 00:05:32.750 [http-nio-9099-exec-8] DEBUG o.s.s.w.a.AnonymousAuthenticationFilter - Set SecurityContextHolder to anonymous SecurityContext
2026-06-02 00:05:32.750 [http-nio-9099-exec-8] DEBUG o.s.security.web.FilterChainProxy - Secured GET /swagger-ui/favicon-32x32.png
2026-06-02 00:05:32.754 [http-nio-9099-exec-8] INFO  c.c.security.RequestLoggingFilter - [RESPONSE] GET /swagger-ui/favicon-32x32.png - Status: 200 (6ms)
2026-06-02 00:05:32.777 [http-nio-9099-exec-7] INFO  c.c.security.RequestLoggingFilter - [RESPONSE] GET /v3/api-docs/swagger-config - Status: 200 (57ms)
2026-06-02 00:05:32.828 [http-nio-9099-exec-9] DEBUG o.s.security.web.FilterChainProxy - Securing GET /v3/api-docs
2026-06-02 00:05:32.828 [http-nio-9099-exec-9] INFO  c.c.security.RequestLoggingFilter - [REQUEST] GET /v3/api-docs from 0:0:0:0:0:0:0:1 Headers: 
2026-06-02 00:05:32.828 [http-nio-9099-exec-9] DEBUG c.c.security.RequestLoggingFilter - [REQUEST] Authorization: NONE
2026-06-02 00:05:32.828 [http-nio-9099-exec-9] DEBUG c.c.security.RequestLoggingFilter - [REQUEST] Header - host: localhost:9099
2026-06-02 00:05:32.828 [http-nio-9099-exec-9] DEBUG c.c.security.RequestLoggingFilter - [REQUEST] Header - connection: keep-alive
2026-06-02 00:05:32.828 [http-nio-9099-exec-9] DEBUG c.c.security.RequestLoggingFilter - [REQUEST] Header - sec-ch-ua-platform: "Windows"
2026-06-02 00:05:32.828 [http-nio-9099-exec-9] DEBUG c.c.security.RequestLoggingFilter - [REQUEST] Header - user-agent: Mozilla/5.0 (Windows NT 10.0; Win64; x64) AppleWebKit/537.36 (KHTML, like Gecko) Chrome/148.0.0.0 Safari/537.36
2026-06-02 00:05:32.828 [http-nio-9099-exec-9] DEBUG c.c.security.RequestLoggingFilter - [REQUEST] Header - accept: application/json,*/*
2026-06-02 00:05:32.828 [http-nio-9099-exec-9] DEBUG c.c.security.RequestLoggingFilter - [REQUEST] Header - sec-ch-ua: "Chromium";v="148", "Google Chrome";v="148", "Not/A)Brand";v="99"
2026-06-02 00:05:32.828 [http-nio-9099-exec-9] DEBUG c.c.security.RequestLoggingFilter - [REQUEST] Header - sec-ch-ua-mobile: ?0
2026-06-02 00:05:32.828 [http-nio-9099-exec-9] DEBUG c.c.security.RequestLoggingFilter - [REQUEST] Header - sec-fetch-site: same-origin
2026-06-02 00:05:32.828 [http-nio-9099-exec-9] DEBUG c.c.security.RequestLoggingFilter - [REQUEST] Header - sec-fetch-mode: cors
2026-06-02 00:05:32.828 [http-nio-9099-exec-9] DEBUG c.c.security.RequestLoggingFilter - [REQUEST] Header - sec-fetch-dest: empty
2026-06-02 00:05:32.828 [http-nio-9099-exec-9] DEBUG c.c.security.RequestLoggingFilter - [REQUEST] Header - referer: http://localhost:9099/swagger-ui/index.html
2026-06-02 00:05:32.841 [http-nio-9099-exec-9] DEBUG c.c.security.RequestLoggingFilter - [REQUEST] Header - accept-encoding: gzip, deflate, br, zstd
2026-06-02 00:05:32.842 [http-nio-9099-exec-9] DEBUG c.c.security.RequestLoggingFilter - [REQUEST] Header - accept-language: en-US,en;q=0.9,hi;q=0.8
2026-06-02 00:05:32.843 [http-nio-9099-exec-9] DEBUG c.c.security.JwtAuthenticationFilter - [JWT Filter] Processing GET request to: /v3/api-docs
2026-06-02 00:05:32.845 [http-nio-9099-exec-9] DEBUG c.c.security.JwtAuthenticationFilter - [JWT Filter] No Bearer token found for path: /v3/api-docs
2026-06-02 00:05:32.847 [http-nio-9099-exec-9] DEBUG o.s.s.w.a.AnonymousAuthenticationFilter - Set SecurityContextHolder to anonymous SecurityContext
2026-06-02 00:05:32.848 [http-nio-9099-exec-9] DEBUG o.s.security.web.FilterChainProxy - Secured GET /v3/api-docs
2026-06-02 00:05:35.098 [http-nio-9099-exec-9] INFO  o.s.api.AbstractOpenApiResource - Init duration for springdoc-openapi is: 2211 ms
2026-06-02 00:05:35.148 [http-nio-9099-exec-9] INFO  c.c.security.RequestLoggingFilter - [RESPONSE] GET /v3/api-docs - Status: 200 (2305ms)
2026-06-02 00:05:52.498 [http-nio-9099-exec-2] DEBUG o.s.security.web.FilterChainProxy - Securing POST /api/auth/login
2026-06-02 00:05:52.498 [http-nio-9099-exec-2] INFO  c.c.security.RequestLoggingFilter - [REQUEST] POST /api/auth/login from 0:0:0:0:0:0:0:1 Headers: 
2026-06-02 00:05:52.499 [http-nio-9099-exec-2] DEBUG c.c.security.RequestLoggingFilter - [REQUEST] Authorization: NONE
2026-06-02 00:05:52.499 [http-nio-9099-exec-2] DEBUG c.c.security.RequestLoggingFilter - [REQUEST] Header - host: localhost:9099
2026-06-02 00:05:52.499 [http-nio-9099-exec-2] DEBUG c.c.security.RequestLoggingFilter - [REQUEST] Header - connection: keep-alive
2026-06-02 00:05:52.501 [http-nio-9099-exec-2] DEBUG c.c.security.RequestLoggingFilter - [REQUEST] Header - content-length: 61
2026-06-02 00:05:52.501 [http-nio-9099-exec-2] DEBUG c.c.security.RequestLoggingFilter - [REQUEST] Header - sec-ch-ua-platform: "Windows"
2026-06-02 00:05:52.501 [http-nio-9099-exec-2] DEBUG c.c.security.RequestLoggingFilter - [REQUEST] Header - user-agent: Mozilla/5.0 (Windows NT 10.0; Win64; x64) AppleWebKit/537.36 (KHTML, like Gecko) Chrome/148.0.0.0 Safari/537.36
2026-06-02 00:05:52.502 [http-nio-9099-exec-2] DEBUG c.c.security.RequestLoggingFilter - [REQUEST] Header - accept: */*
2026-06-02 00:05:52.502 [http-nio-9099-exec-2] DEBUG c.c.security.RequestLoggingFilter - [REQUEST] Header - sec-ch-ua: "Chromium";v="148", "Google Chrome";v="148", "Not/A)Brand";v="99"
2026-06-02 00:05:52.502 [http-nio-9099-exec-2] DEBUG c.c.security.RequestLoggingFilter - [REQUEST] Header - content-type: application/json
2026-06-02 00:05:52.502 [http-nio-9099-exec-2] DEBUG c.c.security.RequestLoggingFilter - [REQUEST] Header - sec-ch-ua-mobile: ?0
2026-06-02 00:05:52.502 [http-nio-9099-exec-2] DEBUG c.c.security.RequestLoggingFilter - [REQUEST] Header - origin: http://localhost:9099
2026-06-02 00:05:52.502 [http-nio-9099-exec-2] DEBUG c.c.security.RequestLoggingFilter - [REQUEST] Header - sec-fetch-site: same-origin
2026-06-02 00:05:52.502 [http-nio-9099-exec-2] DEBUG c.c.security.RequestLoggingFilter - [REQUEST] Header - sec-fetch-mode: cors
2026-06-02 00:05:52.502 [http-nio-9099-exec-2] DEBUG c.c.security.RequestLoggingFilter - [REQUEST] Header - sec-fetch-dest: empty
2026-06-02 00:05:52.502 [http-nio-9099-exec-2] DEBUG c.c.security.RequestLoggingFilter - [REQUEST] Header - referer: http://localhost:9099/swagger-ui/index.html
2026-06-02 00:05:52.502 [http-nio-9099-exec-2] DEBUG c.c.security.RequestLoggingFilter - [REQUEST] Header - accept-encoding: gzip, deflate, br, zstd
2026-06-02 00:05:52.504 [http-nio-9099-exec-2] DEBUG c.c.security.RequestLoggingFilter - [REQUEST] Header - accept-language: en-US,en;q=0.9,hi;q=0.8
2026-06-02 00:05:52.504 [http-nio-9099-exec-2] DEBUG c.c.security.JwtAuthenticationFilter - [JWT Filter] Processing POST request to: /api/auth/login
2026-06-02 00:05:52.504 [http-nio-9099-exec-2] DEBUG c.c.security.JwtAuthenticationFilter - [JWT Filter] No Bearer token found for path: /api/auth/login
2026-06-02 00:05:52.507 [http-nio-9099-exec-2] DEBUG o.s.s.w.a.AnonymousAuthenticationFilter - Set SecurityContextHolder to anonymous SecurityContext
2026-06-02 00:05:52.507 [http-nio-9099-exec-2] DEBUG o.s.security.web.FilterChainProxy - Secured POST /api/auth/login
2026-06-02 00:05:52.696 [http-nio-9099-exec-2] DEBUG org.hibernate.SQL - 
    select
        u1_0.id,
        u1_0.email,
        u1_0.enabled,
        u1_0.first_name,
        u1_0.last_name,
        u1_0.password,
        u1_0.phone,
        u1_0.profile_image,
        u1_0.reward_points,
        u1_0.role_id 
    from
        users u1_0 
    where
        u1_0.email=?
2026-06-02 00:05:52.716 [http-nio-9099-exec-2] DEBUG org.hibernate.SQL - 
    select
        r1_0.id,
        r1_0.name 
    from
        roles r1_0 
    where
        r1_0.id=?
2026-06-02 00:05:52.907 [http-nio-9099-exec-2] INFO  com.cinebook.security.JwtService - [JwtService] Token generated successfully for email: admin@cinebook.com
2026-06-02 00:05:52.907 [http-nio-9099-exec-2] INFO  c.c.security.RequestLoggingFilter - [RESPONSE] POST /api/auth/login - Status: 200 (403ms)
2026-06-02 16:06:52.248 [HikariPool-1 housekeeper] WARN  com.zaxxer.hikari.pool.HikariPool - HikariPool-1 - Thread starvation or clock leap detected (housekeeper delta=16h16s971ms634µs400ns).
2026-06-02 20:16:12.301 [HikariPool-1 housekeeper] WARN  com.zaxxer.hikari.pool.HikariPool - HikariPool-1 - Thread starvation or clock leap detected (housekeeper delta=4h9m22s884ms861µs900ns).
2026-06-02 20:23:37.539 [SpringApplicationShutdownHook] INFO  o.s.o.j.LocalContainerEntityManagerFactoryBean - Closing JPA EntityManagerFactory for persistence unit 'default'
2026-06-02 20:23:37.689 [SpringApplicationShutdownHook] INFO  com.zaxxer.hikari.HikariDataSource - HikariPool-1 - Shutdown initiated...
2026-06-02 20:23:37.723 [SpringApplicationShutdownHook] INFO  com.zaxxer.hikari.HikariDataSource - HikariPool-1 - Shutdown completed.
